// Jest Snapshot v1, https://goo.gl/fbAQLP

exports[`HomeComponent should render 1`] = `
<yakshop-home>
  <h1>
     Welcome to the Yakshop! Once you get a taste of our fresh milk and fine skins straight from the herd you will never go back!
  
  </h1><button
    routerlink="order/13"
  >
    Place an order
  </button>
</yakshop-home>
`;
